
> soulthread@0.0.0 build
> vite build

[36mvite v7.3.1 [32mbuilding client environment for production...[36m[39m
transforming...
[32mΓ£ô[39m 536 modules transformed.
rendering chunks...
computing gzip size...
[2mdist/[22m[32mindex.html                                   [39m[1m[2m  5.89 kB[22m[1m[22m[2m Γöé gzip:   1.82 kB[22m
[2mdist/[22m[35massets/css/HyperfocusSeries-BecysUF6.css     [39m[1m[2m  3.93 kB[22m[1m[22m[2m Γöé gzip:   1.35 kB[22m
[2mdist/[22m[35massets/css/NeverFinishedSeries-DJtTh-2C.css  [39m[1m[2m  4.61 kB[22m[1m[22m[2m Γöé gzip:   1.47 kB[22m
[2mdist/[22m[35massets/css/index-DCuUYuUC.css                [39m[1m[2m  8.35 kB[22m[1m[22m[2m Γöé gzip:   2.54 kB[22m
[2mdist/[22m[36massets/js/Skeleton-DoOvEc9Y.js               [39m[1m[2m  0.74 kB[22m[1m[22m[2m Γöé gzip:   0.38 kB[22m
[2mdist/[22m[36massets/js/analytics-DnQo6u8F.js              [39m[1m[2m  1.06 kB[22m[1m[22m[2m Γöé gzip:   0.57 kB[22m
[2mdist/[22m[36massets/js/LoginModal-4wXt_4cc.js             [39m[1m[2m  1.48 kB[22m[1m[22m[2m Γöé gzip:   0.71 kB[22m
[2mdist/[22m[36massets/js/PostDetail-Dq7AT1Tt.js             [39m[1m[2m  1.56 kB[22m[1m[22m[2m Γöé gzip:   0.81 kB[22m
[2mdist/[22m[36massets/js/classificationService-CJntj9hc.js  [39m[1m[2m  2.35 kB[22m[1m[22m[2m Γöé gzip:   1.01 kB[22m
[2mdist/[22m[36massets/js/SupportGroups-DYqY95gJ.js          [39m[1m[2m  3.11 kB[22m[1m[22m[2m Γöé gzip:   1.35 kB[22m
[2mdist/[22m[36massets/js/AdminDashboard-CYqa6das.js         [39m[1m[2m  3.11 kB[22m[1m[22m[2m Γöé gzip:   1.23 kB[22m
[2mdist/[22m[36massets/js/ConnectModal-DaTvYfj0.js           [39m[1m[2m  3.59 kB[22m[1m[22m[2m Γöé gzip:   1.39 kB[22m
[2mdist/[22m[36massets/js/SeriesGallery-gdtOqUv-.js          [39m[1m[2m  4.41 kB[22m[1m[22m[2m Γöé gzip:   1.67 kB[22m
[2mdist/[22m[36massets/js/usePosts-_vc1dfvI.js               [39m[1m[2m  4.59 kB[22m[1m[22m[2m Γöé gzip:   1.91 kB[22m
[2mdist/[22m[36massets/js/Signup-DRufT4ZI.js                 [39m[1m[2m  4.64 kB[22m[1m[22m[2m Γöé gzip:   1.44 kB[22m
[2mdist/[22m[36massets/js/PhoneLogin-ZdEVvpt3.js             [39m[1m[2m  4.92 kB[22m[1m[22m[2m Γöé gzip:   1.96 kB[22m
[2mdist/[22m[36massets/js/vendor-capacitor-ChrIqhnX.js       [39m[1m[2m  7.98 kB[22m[1m[22m[2m Γöé gzip:   3.13 kB[22m
[2mdist/[22m[36massets/js/Explore-CO_7FIfV.js                [39m[1m[2m  8.29 kB[22m[1m[22m[2m Γöé gzip:   2.97 kB[22m
[2mdist/[22m[36massets/js/Login-COyk0EyP.js                  [39m[1m[2m  9.36 kB[22m[1m[22m[2m Γöé gzip:   3.26 kB[22m
[2mdist/[22m[36massets/js/CounselorDashboard-BO8EmzVE.js     [39m[1m[2m 10.61 kB[22m[1m[22m[2m Γöé gzip:   3.37 kB[22m
[2mdist/[22m[36massets/js/Onboarding-vdPFUoDH.js             [39m[1m[2m 10.69 kB[22m[1m[22m[2m Γöé gzip:   3.58 kB[22m
[2mdist/[22m[36massets/js/HyperfocusSeries-CdEICn6X.js       [39m[1m[2m 12.25 kB[22m[1m[22m[2m Γöé gzip:   4.88 kB[22m
[2mdist/[22m[36massets/js/NeverFinishedSeries-CHXluXGg.js    [39m[1m[2m 13.90 kB[22m[1m[22m[2m Γöé gzip:   5.43 kB[22m
[2mdist/[22m[36massets/js/FeedItem-DrD3vkPT.js               [39m[1m[2m 24.36 kB[22m[1m[22m[2m Γöé gzip:   7.31 kB[22m
[2mdist/[22m[36massets/js/PsychologistList-DKubErc_.js       [39m[1m[2m 24.54 kB[22m[1m[22m[2m Γöé gzip:   7.00 kB[22m
[2mdist/[22m[36massets/js/Chat-gGSunhS9.js                   [39m[1m[2m 36.85 kB[22m[1m[22m[2m Γöé gzip:   9.45 kB[22m
[2mdist/[22m[36massets/js/Profile-BD_Ifg82.js                [39m[1m[2m 46.43 kB[22m[1m[22m[2m Γöé gzip:  11.28 kB[22m
[2mdist/[22m[36massets/js/index-QW6LXusE.js                  [39m[1m[2m 46.58 kB[22m[1m[22m[2m Γöé gzip:  13.75 kB[22m
[2mdist/[22m[36massets/js/Home-Dlw-kSn7.js                   [39m[1m[2m 47.30 kB[22m[1m[22m[2m Γöé gzip:  12.72 kB[22m
[2mdist/[22m[36massets/js/vendor-libs-BBCVVvQ8.js            [39m[1m[2m166.05 kB[22m[1m[22m[2m Γöé gzip:  52.40 kB[22m
[2mdist/[22m[36massets/js/vendor-react-core-CZwI8PfW.js      [39m[1m[2m213.37 kB[22m[1m[22m[2m Γöé gzip:  67.81 kB[22m
[2mdist/[22m[36massets/js/vendor-firebase-Dg1gs6Ji.js        [39m[1m[2m531.02 kB[22m[1m[22m[2m Γöé gzip: 157.19 kB[22m
[32mΓ£ô built in 56.38s[39m
